Archive member included to satisfy reference by file (symbol)

d:/2.30/share/armgcc/bin/../lib/gcc/arm-none-eabi/9.3.1/../../../../arm-none-eabi/lib/thumb/v7e-m+fp/hard\libg_nano.a(lib_a-exit.o)
                              d:/2.30/share/armgcc/bin/../lib/gcc/arm-none-eabi/9.3.1/../../../../arm-none-eabi/lib/thumb/v7e-m+fp/hard/crt0.o (exit)
d:/2.30/share/armgcc/bin/../lib/gcc/arm-none-eabi/9.3.1/../../../../arm-none-eabi/lib/thumb/v7e-m+fp/hard\libg_nano.a(lib_a-impure.o)
                              d:/2.30/share/armgcc/bin/../lib/gcc/arm-none-eabi/9.3.1/../../../../arm-none-eabi/lib/thumb/v7e-m+fp/hard\libg_nano.a(lib_a-exit.o) (_global_impure_ptr)
d:/2.30/share/armgcc/bin/../lib/gcc/arm-none-eabi/9.3.1/../../../../arm-none-eabi/lib/thumb/v7e-m+fp/hard\libg_nano.a(lib_a-init.o)
                              d:/2.30/share/armgcc/bin/../lib/gcc/arm-none-eabi/9.3.1/../../../../arm-none-eabi/lib/thumb/v7e-m+fp/hard/crt0.o (__libc_init_array)
d:/2.30/share/armgcc/bin/../lib/gcc/arm-none-eabi/9.3.1/../../../../arm-none-eabi/lib/thumb/v7e-m+fp/hard\libg_nano.a(lib_a-memset.o)
                              d:/2.30/share/armgcc/bin/../lib/gcc/arm-none-eabi/9.3.1/../../../../arm-none-eabi/lib/thumb/v7e-m+fp/hard/crt0.o (memset)
d:/2.30/share/armgcc/bin/../lib/gcc/arm-none-eabi/9.3.1/../../../../arm-none-eabi/lib/thumb/v7e-m+fp/hard\libnosys.a(_exit.o)
                              d:/2.30/share/armgcc/bin/../lib/gcc/arm-none-eabi/9.3.1/../../../../arm-none-eabi/lib/thumb/v7e-m+fp/hard\libg_nano.a(lib_a-exit.o) (_exit)

Allocating common symbols
Common symbol       size              file

I2CStatus           0x6               obj\release\external\mpu9250\mpu9250.o (symbol from plugin)
xQueueRegistry      0x40              obj\release\fil_lib\freertos_lib\queue.o (symbol from plugin)
TIMStatus           0x20              obj\release\external\mpu9250\mpu9250.o (symbol from plugin)
MPU9250             0x7c              obj\release\external\mpu9250\mpu9250.o (symbol from plugin)
Motor_Coord         0x4               obj\release\fil_lib\regulators.o (symbol from plugin)
EncData             0x2               obj\release\fil_lib\regulators.o (symbol from plugin)
ADCStatus           0x60              obj\release\external\mpu9250\mpu9250.o (symbol from plugin)
Bus                 0x16              obj\release\external\mpu9250\mpu9250.o (symbol from plugin)
EngineReg           0x40              obj\release\fil_lib\regulators.o (symbol from plugin)
Clocks              0x14              obj\release\external\mpu9250\mpu9250.o (symbol from plugin)

Discarded input sections

 .text          0x00000000        0x0 d:/2.30/share/armgcc/bin/../lib/gcc/arm-none-eabi/9.3.1/thumb/v7e-m+fp/hard/crti.o
 .data          0x00000000        0x0 d:/2.30/share/armgcc/bin/../lib/gcc/arm-none-eabi/9.3.1/thumb/v7e-m+fp/hard/crti.o
 .bss           0x00000000        0x0 d:/2.30/share/armgcc/bin/../lib/gcc/arm-none-eabi/9.3.1/thumb/v7e-m+fp/hard/crti.o
 .data          0x00000000        0x4 d:/2.30/share/armgcc/bin/../lib/gcc/arm-none-eabi/9.3.1/thumb/v7e-m+fp/hard/crtbegin.o
 .text          0x00000000       0x7c d:/2.30/share/armgcc/bin/../lib/gcc/arm-none-eabi/9.3.1/../../../../arm-none-eabi/lib/thumb/v7e-m+fp/hard/crt0.o
 .data          0x00000000        0x0 d:/2.30/share/armgcc/bin/../lib/gcc/arm-none-eabi/9.3.1/../../../../arm-none-eabi/lib/thumb/v7e-m+fp/hard/crt0.o
 .bss           0x00000000        0x0 d:/2.30/share/armgcc/bin/../lib/gcc/arm-none-eabi/9.3.1/../../../../arm-none-eabi/lib/thumb/v7e-m+fp/hard/crt0.o
 .ARM.extab     0x00000000        0x0 d:/2.30/share/armgcc/bin/../lib/gcc/arm-none-eabi/9.3.1/../../../../arm-none-eabi/lib/thumb/v7e-m+fp/hard/crt0.o
 .ARM.exidx     0x00000000       0x10 d:/2.30/share/armgcc/bin/../lib/gcc/arm-none-eabi/9.3.1/../../../../arm-none-eabi/lib/thumb/v7e-m+fp/hard/crt0.o
 .ARM.attributes
                0x00000000       0x1c d:/2.30/share/armgcc/bin/../lib/gcc/arm-none-eabi/9.3.1/../../../../arm-none-eabi/lib/thumb/v7e-m+fp/hard/crt0.o
 .text          0x00000000       0x14 obj\release\src\startup_stm32f401xc.o
 .data          0x00000000        0x0 obj\release\src\startup_stm32f401xc.o
 .bss           0x00000000        0x0 obj\release\src\startup_stm32f401xc.o
 .text          0x00000000        0x0 C:\Users\Caska\AppData\Local\Temp\SmallCar.elf.oaFWOW.ltrans0.ltrans.o
 .data          0x00000000        0x0 C:\Users\Caska\AppData\Local\Temp\SmallCar.elf.oaFWOW.ltrans0.ltrans.o
 .bss           0x00000000        0x0 C:\Users\Caska\AppData\Local\Temp\SmallCar.elf.oaFWOW.ltrans0.ltrans.o
 .text.I2C_MemoryWriteSingle.constprop.0
                0x00000000       0xcc C:\Users\Caska\AppData\Local\Temp\SmallCar.elf.oaFWOW.ltrans0.ltrans.o
 .data.AHBPrescTable
                0x00000000       0x10 C:\Users\Caska\AppData\Local\Temp\SmallCar.elf.oaFWOW.ltrans0.ltrans.o
 .comment       0x00000000       0x4d C:\Users\Caska\AppData\Local\Temp\ccKy5XdX.debug.temp.o
 .debug_info    0x00000000      0x9f7 C:\Users\Caska\AppData\Local\Temp\ccU1kuYa.debug.temp.o
 .debug_abbrev  0x00000000      0x1b8 C:\Users\Caska\AppData\Local\Temp\ccU1kuYa.debug.temp.o
 .debug_line    0x00000000      0x151 C:\Users\Caska\AppData\Local\Temp\ccU1kuYa.debug.temp.o
 .debug_str     0x00000000      0x62c C:\Users\Caska\AppData\Local\Temp\ccU1kuYa.debug.temp.o
 .comment       0x00000000       0x4d C:\Users\Caska\AppData\Local\Temp\ccU1kuYa.debug.temp.o
 .debug_info    0x00000000      0xc95 C:\Users\Caska\AppData\Local\Temp\ccCkwlNo.debug.temp.o
 .debug_abbrev  0x00000000      0x201 C:\Users\Caska\AppData\Local\Temp\ccCkwlNo.debug.temp.o
 .debug_line    0x00000000      0x1c4 C:\Users\Caska\AppData\Local\Temp\ccCkwlNo.debug.temp.o
 .debug_str     0x00000000      0x7e8 C:\Users\Caska\AppData\Local\Temp\ccCkwlNo.debug.temp.o
 .comment       0x00000000       0x4d C:\Users\Caska\AppData\Local\Temp\ccCkwlNo.debug.temp.o
 .debug_info    0x00000000      0xc95 C:\Users\Caska\AppData\Local\Temp\cckDHcCC.debug.temp.o
 .debug_abbrev  0x00000000      0x201 C:\Users\Caska\AppData\Local\Temp\cckDHcCC.debug.temp.o
 .debug_line    0x00000000      0x1c4 C:\Users\Caska\AppData\Local\Temp\cckDHcCC.debug.temp.o
 .debug_str     0x00000000      0x7e9 C:\Users\Caska\AppData\Local\Temp\cckDHcCC.debug.temp.o
 .comment       0x00000000       0x4d C:\Users\Caska\AppData\Local\Temp\cckDHcCC.debug.temp.o
 .debug_info    0x00000000      0xc95 C:\Users\Caska\AppData\Local\Temp\ccYl7rvQ.debug.temp.o
 .debug_abbrev  0x00000000      0x201 C:\Users\Caska\AppData\Local\Temp\ccYl7rvQ.debug.temp.o
 .debug_line    0x00000000      0x1c4 C:\Users\Caska\AppData\Local\Temp\ccYl7rvQ.debug.temp.o
 .debug_str     0x00000000      0x7ed C:\Users\Caska\AppData\Local\Temp\ccYl7rvQ.debug.temp.o
 .comment       0x00000000       0x4d C:\Users\Caska\AppData\Local\Temp\ccYl7rvQ.debug.temp.o
 .comment       0x00000000       0x4d C:\Users\Caska\AppData\Local\Temp\ccmc73s4.debug.temp.o
 .debug_info    0x00000000      0xc95 C:\Users\Caska\AppData\Local\Temp\ccEr7kvi.debug.temp.o
 .debug_abbrev  0x00000000      0x201 C:\Users\Caska\AppData\Local\Temp\ccEr7kvi.debug.temp.o
 .debug_line    0x00000000      0x1c4 C:\Users\Caska\AppData\Local\Temp\ccEr7kvi.debug.temp.o
 .debug_str     0x00000000      0x7dc C:\Users\Caska\AppData\Local\Temp\ccEr7kvi.debug.temp.o
 .comment       0x00000000       0x4d C:\Users\Caska\AppData\Local\Temp\ccEr7kvi.debug.temp.o
 .debug_info    0x00000000      0xc95 C:\Users\Caska\AppData\Local\Temp\ccawojrv.debug.temp.o
 .debug_abbrev  0x00000000      0x201 C:\Users\Caska\AppData\Local\Temp\ccawojrv.debug.temp.o
 .debug_line    0x00000000      0x1c4 C:\Users\Caska\AppData\Local\Temp\ccawojrv.debug.temp.o
 .debug_str     0x00000000      0x7dd C:\Users\Caska\AppData\Local\Temp\ccawojrv.debug.temp.o
 .comment       0x00000000       0x4d C:\Users\Caska\AppData\Local\Temp\ccawojrv.debug.temp.o
 .debug_info    0x00000000       0xc0 C:\Users\Caska\AppData\Local\Temp\cckzqDrI.debug.temp.o
 .debug_abbrev  0x00000000       0x62 C:\Users\Caska\AppData\Local\Temp\cckzqDrI.debug.temp.o
 .debug_line    0x00000000       0xcf C:\Users\Caska\AppData\Local\Temp\cckzqDrI.debug.temp.o
 .debug_str     0x00000000      0x1ed C:\Users\Caska\AppData\Local\Temp\cckzqDrI.debug.temp.o
 .comment       0x00000000       0x4d C:\Users\Caska\AppData\Local\Temp\cckzqDrI.debug.temp.o
 .debug_info    0x00000000      0x967 C:\Users\Caska\AppData\Local\Temp\ccuCsXrV.debug.temp.o
 .debug_abbrev  0x00000000      0x1b8 C:\Users\Caska\AppData\Local\Temp\ccuCsXrV.debug.temp.o
 .debug_line    0x00000000      0x16c C:\Users\Caska\AppData\Local\Temp\ccuCsXrV.debug.temp.o
 .debug_str     0x00000000      0x5d7 C:\Users\Caska\AppData\Local\Temp\ccuCsXrV.debug.temp.o
 .comment       0x00000000       0x4d C:\Users\Caska\AppData\Local\Temp\ccuCsXrV.debug.temp.o
 .debug_info    0x00000000      0xb67 C:\Users\Caska\AppData\Local\Temp\ccuWTEw8.debug.temp.o
 .debug_abbrev  0x00000000      0x2a8 C:\Users\Caska\AppData\Local\Temp\ccuWTEw8.debug.temp.o
 .debug_line    0x00000000      0x19c C:\Users\Caska\AppData\Local\Temp\ccuWTEw8.debug.temp.o
 .debug_str     0x00000000      0x784 C:\Users\Caska\AppData\Local\Temp\ccuWTEw8.debug.temp.o
 .comment       0x00000000       0x4d C:\Users\Caska\AppData\Local\Temp\ccuWTEw8.debug.temp.o
 .debug_info    0x00000000      0xb4d C:\Users\Caska\AppData\Local\Temp\cccnHZFl.debug.temp.o
 .debug_abbrev  0x00000000      0x20f C:\Users\Caska\AppData\Local\Temp\cccnHZFl.debug.temp.o
 .debug_line    0x00000000      0x1a4 C:\Users\Caska\AppData\Local\Temp\cccnHZFl.debug.temp.o
 .debug_str     0x00000000      0x70e C:\Users\Caska\AppData\Local\Temp\cccnHZFl.debug.temp.o
 .comment       0x00000000       0x4d C:\Users\Caska\AppData\Local\Temp\cccnHZFl.debug.temp.o
 .debug_info    0x00000000       0xc0 C:\Users\Caska\AppData\Local\Temp\ccaYRXVy.debug.temp.o
 .debug_abbrev  0x00000000       0x62 C:\Users\Caska\AppData\Local\Temp\ccaYRXVy.debug.temp.o
 .debug_line    0x00000000       0xcf C:\Users\Caska\AppData\Local\Temp\ccaYRXVy.debug.temp.o
 .debug_str     0x00000000      0x1e9 C:\Users\Caska\AppData\Local\Temp\ccaYRXVy.debug.temp.o
 .comment       0x00000000       0x4d C:\Users\Caska\AppData\Local\Temp\ccaYRXVy.debug.temp.o
 .debug_info    0x00000000     0x16e5 C:\Users\Caska\AppData\Local\Temp\cc8y2VbM.debug.temp.o
 .debug_abbrev  0x00000000      0x2a4 C:\Users\Caska\AppData\Local\Temp\cc8y2VbM.debug.temp.o
 .debug_line    0x00000000      0x1ba C:\Users\Caska\AppData\Local\Temp\cc8y2VbM.debug.temp.o
 .debug_str     0x00000000      0xdbf C:\Users\Caska\AppData\Local\Temp\cc8y2VbM.debug.temp.o
 .comment       0x00000000       0x4d C:\Users\Caska\AppData\Local\Temp\cc8y2VbM.debug.temp.o
 .debug_info    0x00000000     0x1333 C:\Users\Caska\AppData\Local\Temp\ccQhNgwZ.debug.temp.o
 .debug_abbrev  0x00000000      0x2ae C:\Users\Caska\AppData\Local\Temp\ccQhNgwZ.debug.temp.o
 .debug_line    0x00000000      0x189 C:\Users\Caska\AppData\Local\Temp\ccQhNgwZ.debug.temp.o
 .debug_str     0x00000000      0xc18 C:\Users\Caska\AppData\Local\Temp\ccQhNgwZ.debug.temp.o
 .comment       0x00000000       0x4d C:\Users\Caska\AppData\Local\Temp\ccQhNgwZ.debug.temp.o
 .debug_info    0x00000000      0x967 C:\Users\Caska\AppData\Local\Temp\cci87XUc.debug.temp.o
 .debug_abbrev  0x00000000      0x1b8 C:\Users\Caska\AppData\Local\Temp\cci87XUc.debug.temp.o
 .debug_line    0x00000000      0x16c C:\Users\Caska\AppData\Local\Temp\cci87XUc.debug.temp.o
 .debug_str     0x00000000      0x5d0 C:\Users\Caska\AppData\Local\Temp\cci87XUc.debug.temp.o
 .comment       0x00000000       0x4d C:\Users\Caska\AppData\Local\Temp\cci87XUc.debug.temp.o
 .debug_info    0x00000000      0x967 C:\Users\Caska\AppData\Local\Temp\ccKYsFjq.debug.temp.o
 .debug_abbrev  0x00000000      0x1b8 C:\Users\Caska\AppData\Local\Temp\ccKYsFjq.debug.temp.o
 .debug_line    0x00000000      0x16c C:\Users\Caska\AppData\Local\Temp\ccKYsFjq.debug.temp.o
 .debug_str     0x00000000      0x5d1 C:\Users\Caska\AppData\Local\Temp\ccKYsFjq.debug.temp.o
 .comment       0x00000000       0x4d C:\Users\Caska\AppData\Local\Temp\ccKYsFjq.debug.temp.o
 .comment       0x00000000       0x4d C:\Users\Caska\AppData\Local\Temp\cc27f1MD.debug.temp.o
 .debug_info    0x00000000       0x1d C:\Users\Caska\AppData\Local\Temp\ccw3239P.debug.temp.o
 .debug_abbrev  0x00000000       0x10 C:\Users\Caska\AppData\Local\Temp\ccw3239P.debug.temp.o
 .debug_line    0x00000000       0x1e C:\Users\Caska\AppData\Local\Temp\ccw3239P.debug.temp.o
 .debug_str     0x00000000      0x106 C:\Users\Caska\AppData\Local\Temp\ccw3239P.debug.temp.o
 .comment       0x00000000       0x4d C:\Users\Caska\AppData\Local\Temp\ccw3239P.debug.temp.o
 .comment       0x00000000       0x4d C:\Users\Caska\AppData\Local\Temp\ccM9GtB2.debug.temp.o
 .debug_info    0x00000000     0x100c C:\Users\Caska\AppData\Local\Temp\cc2flT2e.debug.temp.o
 .debug_abbrev  0x00000000      0x243 C:\Users\Caska\AppData\Local\Temp\cc2flT2e.debug.temp.o
 .debug_line    0x00000000      0x1e3 C:\Users\Caska\AppData\Local\Temp\cc2flT2e.debug.temp.o
 .debug_str     0x00000000      0x9dc C:\Users\Caska\AppData\Local\Temp\cc2flT2e.debug.temp.o
 .comment       0x00000000       0x4d C:\Users\Caska\AppData\Local\Temp\cc2flT2e.debug.temp.o
 .debug_info    0x00000000      0xc95 C:\Users\Caska\AppData\Local\Temp\cc2tzFyr.debug.temp.o
 .debug_abbrev  0x00000000      0x201 C:\Users\Caska\AppData\Local\Temp\cc2tzFyr.debug.temp.o
 .debug_line    0x00000000      0x1c4 C:\Users\Caska\AppData\Local\Temp\cc2tzFyr.debug.temp.o
 .debug_str     0x00000000      0x7dc C:\Users\Caska\AppData\Local\Temp\cc2tzFyr.debug.temp.o
 .comment       0x00000000       0x4d C:\Users\Caska\AppData\Local\Temp\cc2tzFyr.debug.temp.o
 .comment       0x00000000       0x4d C:\Users\Caska\AppData\Local\Temp\ccOUH58D.debug.temp.o
 .comment       0x00000000       0x4d C:\Users\Caska\AppData\Local\Temp\ccAlQvJQ.debug.temp.o
 .comment       0x00000000       0x4d C:\Users\Caska\AppData\Local\Temp\cc8WPio3.debug.temp.o
 .debug_info    0x00000000     0x100a C:\Users\Caska\AppData\Local\Temp\ccQjZv7f.debug.temp.o
 .debug_abbrev  0x00000000      0x267 C:\Users\Caska\AppData\Local\Temp\ccQjZv7f.debug.temp.o
 .debug_line    0x00000000      0x1e9 C:\Users\Caska\AppData\Local\Temp\ccQjZv7f.debug.temp.o
 .debug_str     0x00000000      0x969 C:\Users\Caska\AppData\Local\Temp\ccQjZv7f.debug.temp.o
 .comment       0x00000000       0x4d C:\Users\Caska\AppData\Local\Temp\ccQjZv7f.debug.temp.o
 .comment       0x00000000       0x4d C:\Users\Caska\AppData\Local\Temp\ccyG8IQs.debug.temp.o
 .text          0x00000000        0x0 d:/2.30/share/armgcc/bin/../lib/gcc/arm-none-eabi/9.3.1/../../../../arm-none-eabi/lib/thumb/v7e-m+fp/hard\libg_nano.a(lib_a-exit.o)
 .data          0x00000000        0x0 d:/2.30/share/armgcc/bin/../lib/gcc/arm-none-eabi/9.3.1/../../../../arm-none-eabi/lib/thumb/v7e-m+fp/hard\libg_nano.a(lib_a-exit.o)
 .bss           0x00000000        0x0 d:/2.30/share/armgcc/bin/../lib/gcc/arm-none-eabi/9.3.1/../../../../arm-none-eabi/lib/thumb/v7e-m+fp/hard\libg_nano.a(lib_a-exit.o)
 .text.exit     0x00000000       0x28 d:/2.30/share/armgcc/bin/../lib/gcc/arm-none-eabi/9.3.1/../../../../arm-none-eabi/lib/thumb/v7e-m+fp/hard\libg_nano.a(lib_a-exit.o)
 .debug_frame   0x00000000       0x28 d:/2.30/share/armgcc/bin/../lib/gcc/arm-none-eabi/9.3.1/../../../../arm-none-eabi/lib/thumb/v7e-m+fp/hard\libg_nano.a(lib_a-exit.o)
 .ARM.attributes
                0x00000000       0x34 d:/2.30/share/armgcc/bin/../lib/gcc/arm-none-eabi/9.3.1/../../../../arm-none-eabi/lib/thumb/v7e-m+fp/hard\libg_nano.a(lib_a-exit.o)
 .text          0x00000000        0x0 d:/2.30/share/armgcc/bin/../lib/gcc/arm-none-eabi/9.3.1/../../../../arm-none-eabi/lib/thumb/v7e-m+fp/hard\libg_nano.a(lib_a-impure.o)
 .data          0x00000000        0x0 d:/2.30/share/armgcc/bin/../lib/gcc/arm-none-eabi/9.3.1/../../../../arm-none-eabi/lib/thumb/v7e-m+fp/hard\libg_nano.a(lib_a-impure.o)
 .bss           0x00000000        0x0 d:/2.30/share/armgcc/bin/../lib/gcc/arm-none-eabi/9.3.1/../../../../arm-none-eabi/lib/thumb/v7e-m+fp/hard\libg_nano.a(lib_a-impure.o)
 .data._impure_ptr
                0x00000000        0x4 d:/2.30/share/armgcc/bin/../lib/gcc/arm-none-eabi/9.3.1/../../../../arm-none-eabi/lib/thumb/v7e-m+fp/hard\libg_nano.a(lib_a-impure.o)
 .data.impure_data
                0x00000000       0x60 d:/2.30/share/armgcc/bin/../lib/gcc/arm-none-eabi/9.3.1/../../../../arm-none-eabi/lib/thumb/v7e-m+fp/hard\libg_nano.a(lib_a-impure.o)
 .rodata._global_impure_ptr
                0x00000000        0x4 d:/2.30/share/armgcc/bin/../lib/gcc/arm-none-eabi/9.3.1/../../../../arm-none-eabi/lib/thumb/v7e-m+fp/hard\libg_nano.a(lib_a-impure.o)
 .ARM.attributes
                0x00000000       0x32 d:/2.30/share/armgcc/bin/../lib/gcc/arm-none-eabi/9.3.1/../../../../arm-none-eabi/lib/thumb/v7e-m+fp/hard\libg_nano.a(lib_a-impure.o)
 .text          0x00000000        0x0 d:/2.30/share/armgcc/bin/../lib/gcc/arm-none-eabi/9.3.1/../../../../arm-none-eabi/lib/thumb/v7e-m+fp/hard\libg_nano.a(lib_a-init.o)
 .data          0x00000000        0x0 d:/2.30/share/armgcc/bin/../lib/gcc/arm-none-eabi/9.3.1/../../../../arm-none-eabi/lib/thumb/v7e-m+fp/hard\libg_nano.a(lib_a-init.o)
 .bss           0x00000000        0x0 d:/2.30/share/armgcc/bin/../lib/gcc/arm-none-eabi/9.3.1/../../../../arm-none-eabi/lib/thumb/v7e-m+fp/hard\libg_nano.a(lib_a-init.o)
 .text.__libc_init_array
                0x00000000       0x48 d:/2.30/share/armgcc/bin/../lib/gcc/arm-none-eabi/9.3.1/../../../../arm-none-eabi/lib/thumb/v7e-m+fp/hard\libg_nano.a(lib_a-init.o)
 .debug_frame   0x00000000       0x2c d:/2.30/share/armgcc/bin/../lib/gcc/arm-none-eabi/9.3.1/../../../../arm-none-eabi/lib/thumb/v7e-m+fp/hard\libg_nano.a(lib_a-init.o)
 .ARM.attributes
                0x00000000       0x34 d:/2.30/share/armgcc/bin/../lib/gcc/arm-none-eabi/9.3.1/../../../../arm-none-eabi/lib/thumb/v7e-m+fp/hard\libg_nano.a(lib_a-init.o)
 .text          0x00000000        0x0 d:/2.30/share/armgcc/bin/../lib/gcc/arm-none-eabi/9.3.1/../../../../arm-none-eabi/lib/thumb/v7e-m+fp/hard\libg_nano.a(lib_a-memset.o)
 .data          0x00000000        0x0 d:/2.30/share/armgcc/bin/../lib/gcc/arm-none-eabi/9.3.1/../../../../arm-none-eabi/lib/thumb/v7e-m+fp/hard\libg_nano.a(lib_a-memset.o)
 .bss           0x00000000        0x0 d:/2.30/share/armgcc/bin/../lib/gcc/arm-none-eabi/9.3.1/../../../../arm-none-eabi/lib/thumb/v7e-m+fp/hard\libg_nano.a(lib_a-memset.o)
 .text.memset   0x00000000       0x10 d:/2.30/share/armgcc/bin/../lib/gcc/arm-none-eabi/9.3.1/../../../../arm-none-eabi/lib/thumb/v7e-m+fp/hard\libg_nano.a(lib_a-memset.o)
 .debug_frame   0x00000000       0x20 d:/2.30/share/armgcc/bin/../lib/gcc/arm-none-eabi/9.3.1/../../../../arm-none-eabi/lib/thumb/v7e-m+fp/hard\libg_nano.a(lib_a-memset.o)
 .ARM.attributes
                0x00000000       0x34 d:/2.30/share/armgcc/bin/../lib/gcc/arm-none-eabi/9.3.1/../../../../arm-none-eabi/lib/thumb/v7e-m+fp/hard\libg_nano.a(lib_a-memset.o)
 .text          0x00000000        0x0 d:/2.30/share/armgcc/bin/../lib/gcc/arm-none-eabi/9.3.1/../../../../arm-none-eabi/lib/thumb/v7e-m+fp/hard\libnosys.a(_exit.o)
 .data          0x00000000        0x0 d:/2.30/share/armgcc/bin/../lib/gcc/arm-none-eabi/9.3.1/../../../../arm-none-eabi/lib/thumb/v7e-m+fp/hard\libnosys.a(_exit.o)
 .bss           0x00000000        0x0 d:/2.30/share/armgcc/bin/../lib/gcc/arm-none-eabi/9.3.1/../../../../arm-none-eabi/lib/thumb/v7e-m+fp/hard\libnosys.a(_exit.o)
 .text._exit    0x00000000        0x4 d:/2.30/share/armgcc/bin/../lib/gcc/arm-none-eabi/9.3.1/../../../../arm-none-eabi/lib/thumb/v7e-m+fp/hard\libnosys.a(_exit.o)
 .debug_frame   0x00000000       0x20 d:/2.30/share/armgcc/bin/../lib/gcc/arm-none-eabi/9.3.1/../../../../arm-none-eabi/lib/thumb/v7e-m+fp/hard\libnosys.a(_exit.o)
 .ARM.attributes
                0x00000000       0x34 d:/2.30/share/armgcc/bin/../lib/gcc/arm-none-eabi/9.3.1/../../../../arm-none-eabi/lib/thumb/v7e-m+fp/hard\libnosys.a(_exit.o)
 .text          0x00000000        0x0 d:/2.30/share/armgcc/bin/../lib/gcc/arm-none-eabi/9.3.1/thumb/v7e-m+fp/hard/crtend.o
 .data          0x00000000        0x0 d:/2.30/share/armgcc/bin/../lib/gcc/arm-none-eabi/9.3.1/thumb/v7e-m+fp/hard/crtend.o
 .bss           0x00000000        0x0 d:/2.30/share/armgcc/bin/../lib/gcc/arm-none-eabi/9.3.1/thumb/v7e-m+fp/hard/crtend.o
 .eh_frame      0x00000000        0x4 d:/2.30/share/armgcc/bin/../lib/gcc/arm-none-eabi/9.3.1/thumb/v7e-m+fp/hard/crtend.o
 .ARM.attributes
                0x00000000       0x32 d:/2.30/share/armgcc/bin/../lib/gcc/arm-none-eabi/9.3.1/thumb/v7e-m+fp/hard/crtend.o
 .text          0x00000000        0x0 d:/2.30/share/armgcc/bin/../lib/gcc/arm-none-eabi/9.3.1/thumb/v7e-m+fp/hard/crtn.o
 .data          0x00000000        0x0 d:/2.30/share/armgcc/bin/../lib/gcc/arm-none-eabi/9.3.1/thumb/v7e-m+fp/hard/crtn.o
 .bss           0x00000000        0x0 d:/2.30/share/armgcc/bin/../lib/gcc/arm-none-eabi/9.3.1/thumb/v7e-m+fp/hard/crtn.o

Memory Configuration

Name             Origin             Length             Attributes
FLASH            0x08000000         0x00040000         xr
RAM              0x20000000         0x00010000         xrw
*default*        0x00000000         0xffffffff

Linker script and memory map

LOAD d:/2.30/share/armgcc/bin/../lib/gcc/arm-none-eabi/9.3.1/thumb/v7e-m+fp/hard/crti.o
LOAD d:/2.30/share/armgcc/bin/../lib/gcc/arm-none-eabi/9.3.1/thumb/v7e-m+fp/hard/crtbegin.o
LOAD d:/2.30/share/armgcc/bin/../lib/gcc/arm-none-eabi/9.3.1/../../../../arm-none-eabi/lib/thumb/v7e-m+fp/hard/crt0.o
                0x00000000                __HEAP_SIZE = 0x0
                0x00000100                __STACK_SIZE = 0x100
                0x00000000                _Min_Heap_Size = __HEAP_SIZE
                0x00000100                _Min_Stack_Size = __STACK_SIZE
                0x20010000                _estack = (ORIGIN (RAM) + LENGTH (RAM))

.isr_vector     0x08000000      0x194
                0x08000000                . = ALIGN (0x4)
 *(.isr_vector)
 .isr_vector    0x08000000      0x194 obj\release\src\startup_stm32f401xc.o
                0x08000000                g_pfnVectors
                0x08000194                . = ALIGN (0x4)

.text           0x08000194      0x9e0
                0x08000194                . = ALIGN (0x4)
 *(.text)
 .text          0x08000194       0x40 d:/2.30/share/armgcc/bin/../lib/gcc/arm-none-eabi/9.3.1/thumb/v7e-m+fp/hard/crtbegin.o
 *(.text*)
 .text.Reset_Handler
                0x080001d4       0x4c obj\release\src\startup_stm32f401xc.o
                0x080001d4                Reset_Handler
 .text.Default_Handler
                0x08000220        0x2 obj\release\src\startup_stm32f401xc.o
                0x08000220                RTC_Alarm_IRQHandler
                0x08000220                EXTI2_IRQHandler
                0x08000220                DebugMon_Handler
                0x08000220                SPI4_IRQHandler
                0x08000220                TIM1_CC_IRQHandler
                0x08000220                DMA2_Stream5_IRQHandler
                0x08000220                HardFault_Handler
                0x08000220                DMA1_Stream5_IRQHandler
                0x08000220                PVD_IRQHandler
                0x08000220                SDIO_IRQHandler
                0x08000220                TAMP_STAMP_IRQHandler
                0x08000220                PendSV_Handler
                0x08000220                NMI_Handler
                0x08000220                EXTI3_IRQHandler
                0x08000220                TIM1_UP_TIM10_IRQHandler
                0x08000220                EXTI0_IRQHandler
                0x08000220                DMA1_Stream2_IRQHandler
                0x08000220                FPU_IRQHandler
                0x08000220                UsageFault_Handler
                0x08000220                DMA2_Stream2_IRQHandler
                0x08000220                SPI1_IRQHandler
                0x08000220                TIM1_BRK_TIM9_IRQHandler
                0x08000220                DMA2_Stream3_IRQHandler
                0x08000220                USART6_IRQHandler
                0x08000220                DMA2_Stream0_IRQHandler
                0x08000220                DMA1_Stream6_IRQHandler
                0x08000220                DMA1_Stream1_IRQHandler
                0x08000220                RCC_IRQHandler
                0x08000220                Default_Handler
                0x08000220                EXTI15_10_IRQHandler
                0x08000220                DMA1_Stream7_IRQHandler
                0x08000220                DMA2_Stream7_IRQHandler
                0x08000220                EXTI9_5_IRQHandler
                0x08000220                RTC_WKUP_IRQHandler
                0x08000220                SPI2_IRQHandler
                0x08000220                MemManage_Handler
                0x08000220                DMA1_Stream0_IRQHandler
                0x08000220                SVC_Handler
                0x08000220                EXTI4_IRQHandler
                0x08000220                WWDG_IRQHandler
                0x08000220                OTG_FS_WKUP_IRQHandler
                0x08000220                TIM1_TRG_COM_TIM11_IRQHandler
                0x08000220                EXTI1_IRQHandler
                0x08000220                USART2_IRQHandler
                0x08000220                DMA2_Stream1_IRQHandler
                0x08000220                FLASH_IRQHandler
                0x08000220                DMA2_Stream4_IRQHandler
                0x08000220                BusFault_Handler
                0x08000220                USART1_IRQHandler
                0x08000220                OTG_FS_IRQHandler
                0x08000220                SPI3_IRQHandler
                0x08000220                DMA1_Stream4_IRQHandler
                0x08000220                DMA2_Stream6_IRQHandler
                0x08000220                DMA1_Stream3_IRQHandler
 *fill*         0x08000222        0x2 
 .text.I2C_MemoryReadMultiple.constprop.0
                0x08000224      0x134 C:\Users\Caska\AppData\Local\Temp\SmallCar.elf.oaFWOW.ltrans0.ltrans.o
 .text.I2C_MemoryReadSingle.constprop.0
                0x08000358      0x100 C:\Users\Caska\AppData\Local\Temp\SmallCar.elf.oaFWOW.ltrans0.ltrans.o
 .text.CalcRCCClocks
                0x08000458       0xe8 C:\Users\Caska\AppData\Local\Temp\SmallCar.elf.oaFWOW.ltrans0.ltrans.o
 .text.SystemInit
                0x08000540       0xf8 C:\Users\Caska\AppData\Local\Temp\SmallCar.elf.oaFWOW.ltrans0.ltrans.o
                0x08000540                SystemInit
 .text.startup.main
                0x08000638      0x4c8 C:\Users\Caska\AppData\Local\Temp\SmallCar.elf.oaFWOW.ltrans0.ltrans.o
                0x08000638                main
 .text.TIM5_IRQHandler
                0x08000b00        0xc C:\Users\Caska\AppData\Local\Temp\SmallCar.elf.oaFWOW.ltrans0.ltrans.o
                0x08000b00                TIM5_IRQHandler
 .text.TIM4_IRQHandler
                0x08000b0c        0xc C:\Users\Caska\AppData\Local\Temp\SmallCar.elf.oaFWOW.ltrans0.ltrans.o
                0x08000b0c                TIM4_IRQHandler
 .text.TIM3_IRQHandler
                0x08000b18        0xc C:\Users\Caska\AppData\Local\Temp\SmallCar.elf.oaFWOW.ltrans0.ltrans.o
                0x08000b18                TIM3_IRQHandler
 .text.TIM2_IRQHandler
                0x08000b24        0xc C:\Users\Caska\AppData\Local\Temp\SmallCar.elf.oaFWOW.ltrans0.ltrans.o
                0x08000b24                TIM2_IRQHandler
 .text.SysTick_Handler
                0x08000b30       0x10 C:\Users\Caska\AppData\Local\Temp\SmallCar.elf.oaFWOW.ltrans0.ltrans.o
                0x08000b30                SysTick_Handler
 .text.I2C3_ER_IRQHandler
                0x08000b40        0x4 C:\Users\Caska\AppData\Local\Temp\SmallCar.elf.oaFWOW.ltrans0.ltrans.o
                0x08000b40                I2C3_ER_IRQHandler
 .text.ADC_IRQHandler
                0x08000b44        0x4 C:\Users\Caska\AppData\Local\Temp\SmallCar.elf.oaFWOW.ltrans0.ltrans.o
                0x08000b44                ADC_IRQHandler
 .text.I2C2_ER_IRQHandler
                0x08000b48        0x4 C:\Users\Caska\AppData\Local\Temp\SmallCar.elf.oaFWOW.ltrans0.ltrans.o
                0x08000b48                I2C2_ER_IRQHandler
 .text.I2C1_ER_IRQHandler
                0x08000b4c        0x4 C:\Users\Caska\AppData\Local\Temp\SmallCar.elf.oaFWOW.ltrans0.ltrans.o
                0x08000b4c                I2C1_ER_IRQHandler
 .text.I2C3_EV_IRQHandler
                0x08000b50        0x4 C:\Users\Caska\AppData\Local\Temp\SmallCar.elf.oaFWOW.ltrans0.ltrans.o
                0x08000b50                I2C3_EV_IRQHandler
 .text.I2C2_EV_IRQHandler
                0x08000b54        0x4 C:\Users\Caska\AppData\Local\Temp\SmallCar.elf.oaFWOW.ltrans0.ltrans.o
                0x08000b54                I2C2_EV_IRQHandler
 .text.I2C1_EV_IRQHandler
                0x08000b58        0x4 C:\Users\Caska\AppData\Local\Temp\SmallCar.elf.oaFWOW.ltrans0.ltrans.o
                0x08000b58                I2C1_EV_IRQHandler
 *(.glue_7)
 .glue_7        0x08000b5c        0x0 linker stubs
 *(.glue_7t)
 .glue_7t       0x08000b5c        0x0 linker stubs
 *(.eh_frame)
 .eh_frame      0x08000b5c        0x0 d:/2.30/share/armgcc/bin/../lib/gcc/arm-none-eabi/9.3.1/thumb/v7e-m+fp/hard/crtbegin.o
 *(.init)
 .init          0x08000b5c        0x4 d:/2.30/share/armgcc/bin/../lib/gcc/arm-none-eabi/9.3.1/thumb/v7e-m+fp/hard/crti.o
                0x08000b5c                _init
 .init          0x08000b60        0x8 d:/2.30/share/armgcc/bin/../lib/gcc/arm-none-eabi/9.3.1/thumb/v7e-m+fp/hard/crtn.o
 *(.fini)
 .fini          0x08000b68        0x4 d:/2.30/share/armgcc/bin/../lib/gcc/arm-none-eabi/9.3.1/thumb/v7e-m+fp/hard/crti.o
                0x08000b68                _fini
 .fini          0x08000b6c        0x8 d:/2.30/share/armgcc/bin/../lib/gcc/arm-none-eabi/9.3.1/thumb/v7e-m+fp/hard/crtn.o
                0x08000b74                . = ALIGN (0x4)
                0x08000b74                _etext = .

.vfp11_veneer   0x08000b74        0x0
 .vfp11_veneer  0x08000b74        0x0 linker stubs

.v4_bx          0x08000b74        0x0
 .v4_bx         0x08000b74        0x0 linker stubs

.iplt           0x08000b74        0x0
 .iplt          0x08000b74        0x0 d:/2.30/share/armgcc/bin/../lib/gcc/arm-none-eabi/9.3.1/thumb/v7e-m+fp/hard/crtbegin.o

.rodata         0x08000b74       0x10
                0x08000b74                . = ALIGN (0x4)
 *(.rodata)
 *(.rodata*)
 .rodata.PrescalerTable
                0x08000b74       0x10 C:\Users\Caska\AppData\Local\Temp\SmallCar.elf.oaFWOW.ltrans0.ltrans.o
                0x08000b84                . = ALIGN (0x4)

.rel.dyn        0x08000b84        0x0
 .rel.iplt      0x08000b84        0x0 d:/2.30/share/armgcc/bin/../lib/gcc/arm-none-eabi/9.3.1/thumb/v7e-m+fp/hard/crtbegin.o

.ARM.extab
 *(.ARM.extab* .gnu.linkonce.armextab.*)

.ARM            0x08000b84        0x0
                0x08000b84                __exidx_start = .
 *(.ARM.exidx*)
                0x08000b84                __exidx_end = .

.preinit_array  0x08000b84        0x0
                0x08000b84                PROVIDE (__preinit_array_start = .)
 *(.preinit_array*)
                0x08000b84                PROVIDE (__preinit_array_end = .)

.init_array     0x08000b84        0x4
                0x08000b84                PROVIDE (__init_array_start = .)
 *(SORT_BY_NAME(.init_array.*))
 *(.init_array*)
 .init_array    0x08000b84        0x4 d:/2.30/share/armgcc/bin/../lib/gcc/arm-none-eabi/9.3.1/thumb/v7e-m+fp/hard/crtbegin.o
                0x08000b88                PROVIDE (__init_array_end = .)

.fini_array     0x08000b88        0x4
                [!provide]                PROVIDE (__fini_array_start = .)
 *(SORT_BY_NAME(.fini_array.*))
 *(.fini_array*)
 .fini_array    0x08000b88        0x4 d:/2.30/share/armgcc/bin/../lib/gcc/arm-none-eabi/9.3.1/thumb/v7e-m+fp/hard/crtbegin.o
                [!provide]                PROVIDE (__fini_array_end = .)
                0x08000b8c                _sidata = LOADADDR (.data)

.data           0x20000000        0x0 load address 0x08000b8c
                0x20000000                . = ALIGN (0x4)
                0x20000000                _sdata = .
 *(.data)
 *(.data*)
                0x20000000                . = ALIGN (0x4)
                0x20000000                _edata = .

.igot.plt       0x20000000        0x0 load address 0x08000b8c
 .igot.plt      0x20000000        0x0 d:/2.30/share/armgcc/bin/../lib/gcc/arm-none-eabi/9.3.1/thumb/v7e-m+fp/hard/crtbegin.o
                0x20000000                . = ALIGN (0x4)

.bss            0x20000000       0x74 load address 0x08000b8c
                0x20000000                _sbss = .
                0x20000000                __bss_start__ = _sbss
 *(.bss)
 .bss           0x20000000       0x1c d:/2.30/share/armgcc/bin/../lib/gcc/arm-none-eabi/9.3.1/thumb/v7e-m+fp/hard/crtbegin.o
 *(.bss*)
 .bss.Bus       0x2000001c       0x16 C:\Users\Caska\AppData\Local\Temp\SmallCar.elf.oaFWOW.ltrans0.ltrans.o
 *fill*         0x20000032        0x2 
 .bss.Clocks    0x20000034       0x14 C:\Users\Caska\AppData\Local\Temp\SmallCar.elf.oaFWOW.ltrans0.ltrans.o
 .bss.I2C_timeout
                0x20000048        0x4 C:\Users\Caska\AppData\Local\Temp\SmallCar.elf.oaFWOW.ltrans0.ltrans.o
 .bss.MPU_Timeout
                0x2000004c        0x4 C:\Users\Caska\AppData\Local\Temp\SmallCar.elf.oaFWOW.ltrans0.ltrans.o
 .bss.TIMStatus
                0x20000050       0x20 C:\Users\Caska\AppData\Local\Temp\SmallCar.elf.oaFWOW.ltrans0.ltrans.o
 .bss.globalTime
                0x20000070        0x4 C:\Users\Caska\AppData\Local\Temp\SmallCar.elf.oaFWOW.ltrans0.ltrans.o
 *(COMMON)
                0x20000074                . = ALIGN (0x4)
                0x20000074                _ebss = .
                0x20000074                __bss_end__ = _ebss

.heap           0x20000074        0x0 load address 0x08000b8c
                0x20000074                . = ALIGN (0x4)
                [!provide]                PROVIDE (end = .)
                [!provide]                PROVIDE (_end = .)
 *(.heap*)
                0x20000074                . = (. + _Min_Heap_Size)
                0x20000074                __HeapLimit = .
                0x20000074                . = ALIGN (0x4)

.ARM.attributes
                0x00000000       0x30
 *(.ARM.attributes)
 .ARM.attributes
                0x00000000       0x1e d:/2.30/share/armgcc/bin/../lib/gcc/arm-none-eabi/9.3.1/thumb/v7e-m+fp/hard/crti.o
 .ARM.attributes
                0x0000001e       0x34 d:/2.30/share/armgcc/bin/../lib/gcc/arm-none-eabi/9.3.1/thumb/v7e-m+fp/hard/crtbegin.o
 .ARM.attributes
                0x00000052       0x21 obj\release\src\startup_stm32f401xc.o
 .ARM.attributes
                0x00000073       0x32 C:\Users\Caska\AppData\Local\Temp\SmallCar.elf.oaFWOW.ltrans0.ltrans.o
 .ARM.attributes
                0x000000a5       0x1e d:/2.30/share/armgcc/bin/../lib/gcc/arm-none-eabi/9.3.1/thumb/v7e-m+fp/hard/crtn.o
                0x2000ff00                __StackLimit = (_estack - _Min_Stack_Size)
                0x00000001                ASSERT ((__StackLimit >= __HeapLimit), Region RAM overflowed with stack)
LOAD obj\release\src\startup_stm32f401xc.o
LOAD obj\release\external\mpu9250\mpu9250.o
LOAD C:\Users\Caska\AppData\Local\Temp\SmallCar.elf.oaFWOW.ltrans0.ltrans.o
LOAD C:\Users\Caska\AppData\Local\Temp\ccKy5XdX.debug.temp.o
LOAD C:\Users\Caska\AppData\Local\Temp\ccU1kuYa.debug.temp.o
LOAD C:\Users\Caska\AppData\Local\Temp\ccCkwlNo.debug.temp.o
LOAD C:\Users\Caska\AppData\Local\Temp\cckDHcCC.debug.temp.o
LOAD C:\Users\Caska\AppData\Local\Temp\ccYl7rvQ.debug.temp.o
LOAD C:\Users\Caska\AppData\Local\Temp\ccmc73s4.debug.temp.o
LOAD C:\Users\Caska\AppData\Local\Temp\ccEr7kvi.debug.temp.o
LOAD C:\Users\Caska\AppData\Local\Temp\ccawojrv.debug.temp.o
LOAD C:\Users\Caska\AppData\Local\Temp\cckzqDrI.debug.temp.o
LOAD C:\Users\Caska\AppData\Local\Temp\ccuCsXrV.debug.temp.o
LOAD C:\Users\Caska\AppData\Local\Temp\ccuWTEw8.debug.temp.o
LOAD C:\Users\Caska\AppData\Local\Temp\cccnHZFl.debug.temp.o
LOAD C:\Users\Caska\AppData\Local\Temp\ccaYRXVy.debug.temp.o
LOAD C:\Users\Caska\AppData\Local\Temp\cc8y2VbM.debug.temp.o
LOAD C:\Users\Caska\AppData\Local\Temp\ccQhNgwZ.debug.temp.o
LOAD C:\Users\Caska\AppData\Local\Temp\cci87XUc.debug.temp.o
LOAD C:\Users\Caska\AppData\Local\Temp\ccKYsFjq.debug.temp.o
LOAD C:\Users\Caska\AppData\Local\Temp\cc27f1MD.debug.temp.o
LOAD C:\Users\Caska\AppData\Local\Temp\ccw3239P.debug.temp.o
LOAD C:\Users\Caska\AppData\Local\Temp\ccM9GtB2.debug.temp.o
LOAD C:\Users\Caska\AppData\Local\Temp\cc2flT2e.debug.temp.o
LOAD C:\Users\Caska\AppData\Local\Temp\cc2tzFyr.debug.temp.o
LOAD C:\Users\Caska\AppData\Local\Temp\ccOUH58D.debug.temp.o
LOAD C:\Users\Caska\AppData\Local\Temp\ccAlQvJQ.debug.temp.o
LOAD C:\Users\Caska\AppData\Local\Temp\cc8WPio3.debug.temp.o
LOAD C:\Users\Caska\AppData\Local\Temp\ccQjZv7f.debug.temp.o
LOAD C:\Users\Caska\AppData\Local\Temp\ccyG8IQs.debug.temp.o
LOAD obj\release\external\ssd1306\fonts.o
LOAD obj\release\external\ssd1306\images.o
LOAD obj\release\external\ssd1306\ssd1306.o
LOAD obj\release\external\ssd1306\ssd1306_i2c.o
LOAD obj\release\fil_lib\adc.o
LOAD obj\release\fil_lib\dma.o
LOAD obj\release\fil_lib\exti.o
LOAD obj\release\fil_lib\freertos_lib\croutine.o
LOAD obj\release\fil_lib\freertos_lib\event_groups.o
LOAD obj\release\fil_lib\freertos_lib\heap_2.o
LOAD obj\release\fil_lib\freertos_lib\list.o
LOAD obj\release\fil_lib\freertos_lib\port.o
LOAD obj\release\fil_lib\freertos_lib\queue.o
LOAD obj\release\fil_lib\freertos_lib\stream_buffer.o
LOAD obj\release\fil_lib\freertos_lib\tasks.o
LOAD obj\release\fil_lib\freertos_lib\timers.o
LOAD obj\release\fil_lib\i2c.o
LOAD obj\release\fil_lib\matrix.o
LOAD obj\release\fil_lib\rcc.o
LOAD obj\release\fil_lib\regulators.o
LOAD obj\release\fil_lib\rtc.o
LOAD obj\release\fil_lib\tim.o
LOAD obj\release\fil_lib\usart.o
LOAD obj\release\src\main.o
LOAD obj\release\dev\dev.o
LOAD obj\release\src\system_stm32f4xx.o
START GROUP
LOAD d:/2.30/share/armgcc/bin/../lib/gcc/arm-none-eabi/9.3.1/thumb/v7e-m+fp/hard\libgcc.a
LOAD d:/2.30/share/armgcc/bin/../lib/gcc/arm-none-eabi/9.3.1/../../../../arm-none-eabi/lib/thumb/v7e-m+fp/hard\libg_nano.a
LOAD d:/2.30/share/armgcc/bin/../lib/gcc/arm-none-eabi/9.3.1/../../../../arm-none-eabi/lib/thumb/v7e-m+fp/hard\libc_nano.a
END GROUP
START GROUP
LOAD d:/2.30/share/armgcc/bin/../lib/gcc/arm-none-eabi/9.3.1/thumb/v7e-m+fp/hard\libgcc.a
LOAD d:/2.30/share/armgcc/bin/../lib/gcc/arm-none-eabi/9.3.1/../../../../arm-none-eabi/lib/thumb/v7e-m+fp/hard\libc_nano.a
LOAD d:/2.30/share/armgcc/bin/../lib/gcc/arm-none-eabi/9.3.1/../../../../arm-none-eabi/lib/thumb/v7e-m+fp/hard\libnosys.a
END GROUP
START GROUP
LOAD d:/2.30/share/armgcc/bin/../lib/gcc/arm-none-eabi/9.3.1/thumb/v7e-m+fp/hard\libgcc.a
LOAD d:/2.30/share/armgcc/bin/../lib/gcc/arm-none-eabi/9.3.1/../../../../arm-none-eabi/lib/thumb/v7e-m+fp/hard\libc_nano.a
LOAD d:/2.30/share/armgcc/bin/../lib/gcc/arm-none-eabi/9.3.1/../../../../arm-none-eabi/lib/thumb/v7e-m+fp/hard\libnosys.a
END GROUP
LOAD d:/2.30/share/armgcc/bin/../lib/gcc/arm-none-eabi/9.3.1/thumb/v7e-m+fp/hard/crtend.o
LOAD d:/2.30/share/armgcc/bin/../lib/gcc/arm-none-eabi/9.3.1/thumb/v7e-m+fp/hard/crtn.o
OUTPUT(bin\Release\SmallCar.elf elf32-littlearm)
LOAD linker stubs

.debug_line     0x00000000     0x1988
 .debug_line    0x00000000       0x77 obj\release\src\startup_stm32f401xc.o
 .debug_line    0x00000077      0xb0a C:\Users\Caska\AppData\Local\Temp\SmallCar.elf.oaFWOW.ltrans0.ltrans.o
 .debug_line    0x00000b81      0x1e0 C:\Users\Caska\AppData\Local\Temp\ccKy5XdX.debug.temp.o
 .debug_line    0x00000d61      0x1dc C:\Users\Caska\AppData\Local\Temp\ccmc73s4.debug.temp.o
 .debug_line    0x00000f3d      0x1dc C:\Users\Caska\AppData\Local\Temp\cc27f1MD.debug.temp.o
 .debug_line    0x00001119      0x1dc C:\Users\Caska\AppData\Local\Temp\ccM9GtB2.debug.temp.o
 .debug_line    0x000012f5      0x1dc C:\Users\Caska\AppData\Local\Temp\ccOUH58D.debug.temp.o
 .debug_line    0x000014d1      0x1de C:\Users\Caska\AppData\Local\Temp\ccAlQvJQ.debug.temp.o
 .debug_line    0x000016af      0x1e1 C:\Users\Caska\AppData\Local\Temp\cc8WPio3.debug.temp.o
 .debug_line    0x00001890       0xf8 C:\Users\Caska\AppData\Local\Temp\ccyG8IQs.debug.temp.o

.debug_info     0x00000000     0x8438
 .debug_info    0x00000000       0x22 obj\release\src\startup_stm32f401xc.o
 .debug_info    0x00000022      0x773 C:\Users\Caska\AppData\Local\Temp\SmallCar.elf.oaFWOW.ltrans0.ltrans.o
 .debug_info    0x00000795     0x1077 C:\Users\Caska\AppData\Local\Temp\ccKy5XdX.debug.temp.o
                0x00000795                mpu9250.c.3166af30
 .debug_info    0x0000180c      0xefd C:\Users\Caska\AppData\Local\Temp\ccmc73s4.debug.temp.o
                0x0000180c                ADC.c.74843ff4
 .debug_info    0x00002709     0x128c C:\Users\Caska\AppData\Local\Temp\cc27f1MD.debug.temp.o
                0x00002709                I2C.c.ba12f8a2
 .debug_info    0x00003995      0xe94 C:\Users\Caska\AppData\Local\Temp\ccM9GtB2.debug.temp.o
                0x00003995                RCC.c.048c0419
 .debug_info    0x00004829     0x1033 C:\Users\Caska\AppData\Local\Temp\ccOUH58D.debug.temp.o
                0x00004829                TIM.c.95626138
 .debug_info    0x0000585c      0xdbb C:\Users\Caska\AppData\Local\Temp\ccAlQvJQ.debug.temp.o
                0x0000585c                USART.c.578c7efc
 .debug_info    0x00006617     0x1800 C:\Users\Caska\AppData\Local\Temp\cc8WPio3.debug.temp.o
                0x00006617                main.c.6c8df40e
 .debug_info    0x00007e17      0x621 C:\Users\Caska\AppData\Local\Temp\ccyG8IQs.debug.temp.o
                0x00007e17                system_stm32f4xx.c.77d65d0b

.debug_abbrev   0x00000000     0x14c0
 .debug_abbrev  0x00000000       0x12 obj\release\src\startup_stm32f401xc.o
 .debug_abbrev  0x00000012      0x18c C:\Users\Caska\AppData\Local\Temp\SmallCar.elf.oaFWOW.ltrans0.ltrans.o
 .debug_abbrev  0x0000019e      0x2d8 C:\Users\Caska\AppData\Local\Temp\ccKy5XdX.debug.temp.o
 .debug_abbrev  0x00000476      0x291 C:\Users\Caska\AppData\Local\Temp\ccmc73s4.debug.temp.o
 .debug_abbrev  0x00000707      0x2e1 C:\Users\Caska\AppData\Local\Temp\cc27f1MD.debug.temp.o
 .debug_abbrev  0x000009e8      0x221 C:\Users\Caska\AppData\Local\Temp\ccM9GtB2.debug.temp.o
 .debug_abbrev  0x00000c09      0x27c C:\Users\Caska\AppData\Local\Temp\ccOUH58D.debug.temp.o
 .debug_abbrev  0x00000e85      0x245 C:\Users\Caska\AppData\Local\Temp\ccAlQvJQ.debug.temp.o
 .debug_abbrev  0x000010ca      0x2a5 C:\Users\Caska\AppData\Local\Temp\cc8WPio3.debug.temp.o
 .debug_abbrev  0x0000136f      0x151 C:\Users\Caska\AppData\Local\Temp\ccyG8IQs.debug.temp.o

.debug_aranges  0x00000000       0xa0
 .debug_aranges
                0x00000000       0x28 obj\release\src\startup_stm32f401xc.o
 .debug_aranges
                0x00000028       0x78 C:\Users\Caska\AppData\Local\Temp\SmallCar.elf.oaFWOW.ltrans0.ltrans.o

.debug_str      0x00000000     0x15c1
 .debug_str     0x00000000       0x67 obj\release\src\startup_stm32f401xc.o
 .debug_str     0x00000067      0x112 C:\Users\Caska\AppData\Local\Temp\SmallCar.elf.oaFWOW.ltrans0.ltrans.o
                                0x15e (size before relaxing)
 .debug_str     0x00000179      0x973 C:\Users\Caska\AppData\Local\Temp\ccKy5XdX.debug.temp.o
                                0xa5f (size before relaxing)
 .debug_str     0x00000aec       0xfc C:\Users\Caska\AppData\Local\Temp\ccmc73s4.debug.temp.o
                                0x8d0 (size before relaxing)
 .debug_str     0x00000be8      0x27c C:\Users\Caska\AppData\Local\Temp\cc27f1MD.debug.temp.o
                                0xae7 (size before relaxing)
 .debug_str     0x00000e64       0x1c C:\Users\Caska\AppData\Local\Temp\ccM9GtB2.debug.temp.o
                                0x90b (size before relaxing)
 .debug_str     0x00000e80      0x1be C:\Users\Caska\AppData\Local\Temp\ccOUH58D.debug.temp.o
                                0x9fd (size before relaxing)
 .debug_str     0x0000103e       0x53 C:\Users\Caska\AppData\Local\Temp\ccAlQvJQ.debug.temp.o
                                0x867 (size before relaxing)
 .debug_str     0x00001091      0x47b C:\Users\Caska\AppData\Local\Temp\cc8WPio3.debug.temp.o
                                0xe43 (size before relaxing)
 .debug_str     0x0000150c       0xb5 C:\Users\Caska\AppData\Local\Temp\ccyG8IQs.debug.temp.o
                                0x417 (size before relaxing)

.debug_ranges   0x00000000      0x310
 .debug_ranges  0x00000000       0x20 obj\release\src\startup_stm32f401xc.o
 .debug_ranges  0x00000020      0x2f0 C:\Users\Caska\AppData\Local\Temp\SmallCar.elf.oaFWOW.ltrans0.ltrans.o

.debug_loc      0x00000000      0x922
 .debug_loc     0x00000000      0x922 C:\Users\Caska\AppData\Local\Temp\SmallCar.elf.oaFWOW.ltrans0.ltrans.o

.comment        0x00000000       0x4c
 .comment       0x00000000       0x4c C:\Users\Caska\AppData\Local\Temp\SmallCar.elf.oaFWOW.ltrans0.ltrans.o
                                 0x4d (size before relaxing)

.debug_frame    0x00000000      0x198
 .debug_frame   0x00000000      0x198 C:\Users\Caska\AppData\Local\Temp\SmallCar.elf.oaFWOW.ltrans0.ltrans.o
